../src/hw/can.c:125:6:canInit	16	static
../src/hw/can.c:154:6:canOpen	48	static
../src/hw/can.c:245:6:canClose	16	static
../src/hw/can.c:250:6:canConfigFilter	48	static
../src/hw/can.c:290:10:canMsgAvailable	16	static
../src/hw/can.c:297:6:canMsgInit	16	static
../src/hw/can.c:306:6:canMsgWrite	72	static
../src/hw/can.c:385:6:canMsgRead	24	static
../src/hw/can.c:397:10:canGetRxErrCount	40	static
../src/hw/can.c:414:10:canGetTxErrCount	40	static
../src/hw/can.c:431:10:canGetError	16	static
../src/hw/can.c:438:10:canGetState	16	static
../src/hw/can.c:445:6:canAttachRxInterrupt	16	static
../src/hw/can.c:452:6:canDetachRxInterrupt	16	static
../src/hw/can.c:459:6:canRecovery	16	static
../src/hw/can.c:469:6:canUpdate	24	static
../src/hw/can.c:503:6:canRxFifoCallback	64	static
../src/hw/can.c:557:6:canErrClear	16	static
../src/hw/can.c:564:6:canErrPrint	24	static
../src/hw/can.c:578:6:canErrUpdate	64	static
../src/hw/can.c:617:6:HAL_FDCAN_ErrorStatusCallback	24	static
../src/hw/can.c:624:6:HAL_FDCAN_ErrorCallback	24	static
../src/hw/can.c:636:6:FDCAN2_IT0_IRQHandler	8	static
../src/hw/can.c:641:6:HAL_FDCAN_RxFifo0Callback	16	static
../src/hw/can.c:659:6:HAL_FDCAN_MspInit	128	static
../src/hw/can.c:692:6:HAL_FDCAN_MspDeInit	16	static
../src/hw/can.c:711:6:cliCan	136	static
