C:/Users/jjins/Documents/Project/stm32g474/src/common/maths.h:156:19:constrain	24	static
../src/hw/lcd.c:79:6:TransferDoneISR	8	static
../src/hw/lcd.c:93:6:lcdInit	24	static
../src/hw/lcd.c:137:10:lcdGetDrawTime	4	static
../src/hw/lcd.c:142:6:lcdIsInit	4	static
../src/hw/lcd.c:147:6:lcdReset	8	static
../src/hw/lcd.c:152:9:lcdGetBackLight	4	static
../src/hw/lcd.c:157:6:lcdSetBackLight	16	static
../src/hw/lcd.c:176:22:lcdReadPixel	0	static
../src/hw/lcd.c:181:18:lcdDrawPixel	0	static
../src/hw/lcd.c:186:18:lcdClear	8	static
../src/hw/lcd.c:193:18:lcdClearBuffer	8	static
../src/hw/lcd.c:203:18:lcdDrawFillCircle	48	static
../src/hw/lcd.c:234:18:lcdDrawCircleHelper	56	static
../src/hw/lcd.c:275:18:lcdDrawRoundRect	64	static
../src/hw/lcd.c:290:18:lcdDrawFillCircleHelper	56	static
../src/hw/lcd.c:325:18:lcdDrawFillRoundRect	40	static
../src/hw/lcd.c:335:18:lcdDrawTriangle	40	static
../src/hw/lcd.c:342:18:lcdDrawFillTriangle	80	dynamic
../src/hw/lcd.c:378:10:lcdGetFps	4	static
../src/hw/lcd.c:383:10:lcdGetFpsTime	4	static
../src/hw/lcd.c:388:6:lcdDrawAvailable	4	static
../src/hw/lcd.c:393:6:lcdRequestDraw	16	static
../src/hw/lcd.c:412:6:lcdUpdateDraw	16	static
../src/hw/lcd.c:434:6:lcdSetWindow	24	static
../src/hw/lcd.c:444:11:lcdGetFrameBuffer	4	static
../src/hw/lcd.c:449:11:lcdGetCurrentFrameBuffer	4	static
../src/hw/lcd.c:454:6:lcdDisplayOff	4	static
../src/hw/lcd.c:458:6:lcdDisplayOn	8	static
../src/hw/lcd.c:463:9:lcdGetWidth	4	static
../src/hw/lcd.c:468:9:lcdGetHeight	4	static
../src/hw/lcd.c:474:6:lcdDrawLine	48	static
../src/hw/lcd.c:528:6:lcdDrawLineBuffer	48	static
../src/hw/lcd.c:596:6:lcdDrawVLine	32	static
../src/hw/lcd.c:601:6:lcdDrawHLine	32	static
../src/hw/lcd.c:606:6:lcdDrawFillRect	32	static
../src/hw/lcd.c:614:6:lcdDrawRect	24	static
../src/hw/lcd.c:622:6:lcdDrawImage	24	static
../src/hw/lcd.c:630:6:lcdDrawBufferImage	32	static
../src/hw/lcd.c:646:6:lcdDrawFillScreen	24	static
../src/hw/lcd.c:651:6:lcdPrintf	364	static
../src/hw/lcd.c:717:10:lcdGetStrWidth	328	static
../src/hw/lcd.c:748:6:disHanFont	40	static
../src/hw/lcd.c:780:6:disEngFont	40	static
../src/hw/lcd.c:799:6:lcdSetFont	16	static
../src/hw/lcd.c:804:9:lcdGetFont	4	static
../src/hw/lcd.c:810:6:cliLcd	32	static
