../src/common/cli.c:109:6:cliInit	8	static
../src/common/cli.c:134:6:cliOpen	16	static
../src/common/cli.c:144:6:cliIsBusy	4	static
../src/common/cli.c:149:6:cliOpenLog	24	static
../src/common/cli.c:165:9:cliGetPort	4	static
../src/common/cli.c:170:6:cliLogClose	4	static
../src/common/cli.c:176:6:cliShowLog	24	static
../src/common/cli.c:196:6:cliShowPrompt	16	static
../src/common/cli.c:202:6:cliMain	8	static
../src/common/cli.c:217:6:cliLogo	8	static
../src/common/cli.c:227:10:cliAvailable	8	static
../src/common/cli.c:232:9:cliRead	8	static
../src/common/cli.c:237:10:cliWrite	16	static
../src/common/cli.c:242:6:cliUpdate	56	static
../src/common/cli.c:454:6:cliLineClean	16	static
../src/common/cli.c:462:6:cliLineAdd	32	static
../src/common/cli.c:477:6:cliLineChange	40	static
../src/common/cli.c:519:6:cliRunCmd	24	static
../src/common/cli.c:547:6:cliParseArgs	40	static
../src/common/cli.c:579:6:cliRunStr	24	static
../src/common/cli.c:594:6:cliPrintf	24	static
../src/common/cli.c:608:6:cliPutch	24	static
../src/common/cli.c:615:6:cliToUpper	24	static
../src/common/cli.c:642:9:cliArgsGetData	24	static
../src/common/cli.c:658:7:cliArgsGetFloat	24	static
../src/common/cli.c:674:7:cliArgsGetStr	24	static
../src/common/cli.c:690:6:cliArgsIsStr	24	static
../src/common/cli.c:709:6:cliKeepLoop	16	static
../src/common/cli.c:724:6:cliAdd	32	static
../src/common/cli.c:747:6:cliShowCursor	16	static
../src/common/cli.c:759:6:cliMoveUp	16	static
../src/common/cli.c:764:6:cliMoveDown	16	static
../src/common/cli.c:769:6:cliShowList	24	static
../src/common/cli.c:786:6:cliMemoryDump	56	static
