../src/bsp/stm32g4xx_it.c:74:6:NMI_Handler	4	static
../src/bsp/stm32g4xx_it.c:89:6:HardFault_Handler	4	static
../src/bsp/stm32g4xx_it.c:104:6:MemManage_Handler	4	static
../src/bsp/stm32g4xx_it.c:119:6:BusFault_Handler	4	static
../src/bsp/stm32g4xx_it.c:134:6:UsageFault_Handler	4	static
../src/bsp/stm32g4xx_it.c:149:6:SVC_Handler	4	static
../src/bsp/stm32g4xx_it.c:162:6:DebugMon_Handler	4	static
../src/bsp/stm32g4xx_it.c:175:6:PendSV_Handler	4	static
../src/bsp/stm32g4xx_it.c:188:6:SysTick_Handler	8	static
../src/bsp/stm32g4xx_it.c:210:6:DMA1_Channel1_IRQHandler	8	static
../src/bsp/stm32g4xx_it.c:224:6:USB_LP_IRQHandler	8	static
../src/bsp/stm32g4xx_it.c:238:6:SPI1_IRQHandler	4	static
../src/bsp/stm32g4xx_it.c:252:6:USART2_IRQHandler	8	static
../src/bsp/stm32g4xx_it.c:266:6:EXTI15_10_IRQHandler	8	static
../src/bsp/stm32g4xx_it.c:280:6:QUADSPI_IRQHandler	4	static
