../src/drivers/usb/usb_cdc/usbd_cdc_if.c:68:6:cdcIfInit	8	static
../src/drivers/usb/usb_cdc/usbd_cdc_if.c:77:10:cdcIfAvailable	8	static
../src/drivers/usb/usb_cdc/usbd_cdc_if.c:82:9:cdcIfRead	16	static
../src/drivers/usb/usb_cdc/usbd_cdc_if.c:91:10:cdcIfWrite	40	static
../src/drivers/usb/usb_cdc/usbd_cdc_if.c:136:10:cdcIfGetBaud	4	static
../src/drivers/usb/usb_cdc/usbd_cdc_if.c:141:6:cdcIfIsConnected	4	static
../src/drivers/usb/usb_cdc/usbd_cdc_if.c:164:9:CDC_SoF_ISR	40	static
../src/drivers/usb/usb_cdc/usbd_cdc_if.c:219:15:CDC_Init_FS	8	static
../src/drivers/usb/usb_cdc/usbd_cdc_if.c:234:15:CDC_DeInit_FS	4	static
../src/drivers/usb/usb_cdc/usbd_cdc_if.c:249:15:CDC_Control_FS	24	static
../src/drivers/usb/usb_cdc/usbd_cdc_if.c:343:15:CDC_Receive_FS	32	static
../src/drivers/usb/usb_cdc/usbd_cdc_if.c:376:9:CDC_Transmit_FS	24	static
../src/drivers/usb/usb_cdc/usbd_cdc_if.c:401:15:CDC_TransmitCplt_FS	32	static
