../src/drivers/usb/usb_cdc/usbd_cdc.c:457:16:USBD_CDC_Init	24	static
../src/drivers/usb/usb_cdc/usbd_cdc.c:541:16:USBD_CDC_DeInit	16	static
../src/drivers/usb/usb_cdc/usbd_cdc.c:576:16:USBD_CDC_Setup	32	static
../src/drivers/usb/usb_cdc/usbd_cdc.c:673:16:USBD_CDC_DataIn	24	static
../src/drivers/usb/usb_cdc/usbd_cdc.c:714:16:USBD_CDC_DataOut	24	static
../src/drivers/usb/usb_cdc/usbd_cdc.c:740:16:USBD_CDC_EP0_RxReady	24	static
../src/drivers/usb/usb_cdc/usbd_cdc.c:762:17:USBD_CDC_GetFSCfgDesc	16	static
../src/drivers/usb/usb_cdc/usbd_cdc.c:776:17:USBD_CDC_GetHSCfgDesc	16	static
../src/drivers/usb/usb_cdc/usbd_cdc.c:790:17:USBD_CDC_GetOtherSpeedCfgDesc	16	static
../src/drivers/usb/usb_cdc/usbd_cdc.c:803:10:USBD_CDC_GetDeviceQualifierDescriptor	16	static
../src/drivers/usb/usb_cdc/usbd_cdc.c:816:9:USBD_CDC_RegisterInterface	16	static
../src/drivers/usb/usb_cdc/usbd_cdc.c:835:9:USBD_CDC_SetTxBuffer	32	static
../src/drivers/usb/usb_cdc/usbd_cdc.c:852:9:USBD_CDC_SetRxBuffer	24	static
../src/drivers/usb/usb_cdc/usbd_cdc.c:867:9:USBD_CDC_TransmitPacket	24	static
../src/drivers/usb/usb_cdc/usbd_cdc.c:900:9:USBD_CDC_ReceivePacket	24	static
